Last login: Mon May  1 09:08:40 on console
grc-denmark:~ hzarea$ cd desktop
grc-denmark:desktop hzarea$ cd hydroflask
grc-denmark:hydroflask hzarea$ pwd
/Users/hzarea/desktop/hydroflask
grc-denmark:hydroflask hzarea$ git init
Initialized empty Git repository in /Users/hzarea/Desktop/hydroflask/.git/
grc-denmark:hydroflask hzarea$ git add -A
grc-denmark:hydroflask hzarea$ git status
On branch master

Initial commit

Changes to be committed:
  (use "git rm --cached <file>..." to unstage)

	new file:   .DS_Store
	new file:   css/.DS_Store
	new file:   css/styles.css
	new file:   index.html

grc-denmark:hydroflask hzarea$ git commit -m "add initial files for webpage"
[master (root-commit) d546532] add initial files for webpage
 4 files changed, 15 insertions(+)
 create mode 100644 .DS_Store
 create mode 100644 css/.DS_Store
 create mode 100644 css/styles.css
 create mode 100644 index.html
grc-denmark:hydroflask hzarea$ git log
commit d546532a54f1f35e608de07714896a55972036f3
Author: hanazarea <hzarea@calpoly.edu>
Date:   Mon May 1 09:39:34 2017 -0700

    add initial files for webpage
grc-denmark:hydroflask hzarea$ git add -a
error: unknown switch `a'
usage: git add [<options>] [--] <pathspec>...

    -n, --dry-run         dry run
    -v, --verbose         be verbose

    -i, --interactive     interactive picking
    -p, --patch           select hunks interactively
    -e, --edit            edit current diff and apply
    -f, --force           allow adding otherwise ignored files
    -u, --update          update tracked files
    -N, --intent-to-add   record only the fact that the path will be added later
    -A, --all             add changes from all tracked and untracked files
    --ignore-removal      ignore paths removed in the working tree (same as --no-all)
    --refresh             don't add, only refresh the index
    --ignore-errors       just skip files which cannot be added because of errors
    --ignore-missing      check if - even missing - files are ignored in dry run
    --chmod <(+/-)x>      override the executable bit of the listed files

grc-denmark:hydroflask hzarea$ git add
Nothing specified, nothing added.
Maybe you wanted to say 'git add .'?
grc-denmark:hydroflask hzarea$ git add -A
grc-denmark:hydroflask hzarea$ git status
On branch master
Changes to be committed:
  (use "git reset HEAD <file>..." to unstage)

	new file:   images/.DS_Store
	new file:   images/LimeGreen.jpg
	new file:   images/Logo.ai
	new file:   images/black.png
	new file:   images/green.jpg
	new file:   images/white.jpg

grc-denmark:hydroflask hzarea$ git commit -m 
error: switch `m' requires a value
usage: git commit [<options>] [--] <pathspec>...

    -q, --quiet           suppress summary after successful commit
    -v, --verbose         show diff in commit message template

Commit message options
    -F, --file <file>     read message from file
    --author <author>     override author for commit
    --date <date>         override date for commit
    -m, --message <message>
                          commit message
    -c, --reedit-message <commit>
                          reuse and edit message from specified commit
    -C, --reuse-message <commit>
                          reuse message from specified commit
    --fixup <commit>      use autosquash formatted message to fixup specified commit
    --squash <commit>     use autosquash formatted message to squash specified commit
    --reset-author        the commit is authored by me now (used with -C/-c/--amend)
    -s, --signoff         add Signed-off-by:
    -t, --template <file>
                          use specified template file
    -e, --edit            force edit of commit
    --cleanup <default>   how to strip spaces and #comments from message
    --status              include status in commit message template
    -S, --gpg-sign[=<key-id>]
                          GPG sign commit

Commit contents options
    -a, --all             commit all changed files
    -i, --include         add specified files to index for commit
    --interactive         interactively add files
    -p, --patch           interactively add changes
    -o, --only            commit only specified files
    -n, --no-verify       bypass pre-commit and commit-msg hooks
    --dry-run             show what would be committed
    --short               show status concisely
    --branch              show branch information
    --porcelain           machine-readable output
    --long                show status in long format (default)
    -z, --null            terminate entries with NUL
    --amend               amend previous commit
    --no-post-rewrite     bypass post-rewrite hook
    -u, --untracked-files[=<mode>]
                          show untracked files, optional modes: all, normal, no. (Default: all)

grc-denmark:hydroflask hzarea$ git commit -m 
error: switch `m' requires a value
usage: git commit [<options>] [--] <pathspec>...

    -q, --quiet           suppress summary after successful commit
    -v, --verbose         show diff in commit message template

Commit message options
    -F, --file <file>     read message from file
    --author <author>     override author for commit
    --date <date>         override date for commit
    -m, --message <message>
                          commit message
    -c, --reedit-message <commit>
                          reuse and edit message from specified commit
    -C, --reuse-message <commit>
                          reuse message from specified commit
    --fixup <commit>      use autosquash formatted message to fixup specified commit
    --squash <commit>     use autosquash formatted message to squash specified commit
    --reset-author        the commit is authored by me now (used with -C/-c/--amend)
    -s, --signoff         add Signed-off-by:
    -t, --template <file>
                          use specified template file
    -e, --edit            force edit of commit
    --cleanup <default>   how to strip spaces and #comments from message
    --status              include status in commit message template
    -S, --gpg-sign[=<key-id>]
                          GPG sign commit

Commit contents options
    -a, --all             commit all changed files
    -i, --include         add specified files to index for commit
    --interactive         interactively add files
    -p, --patch           interactively add changes
    -o, --only            commit only specified files
    -n, --no-verify       bypass pre-commit and commit-msg hooks
    --dry-run             show what would be committed
    --short               show status concisely
    --branch              show branch information
    --porcelain           machine-readable output
    --long                show status in long format (default)
    -z, --null            terminate entries with NUL
    --amend               amend previous commit
    --no-post-rewrite     bypass post-rewrite hook
    -u, --untracked-files[=<mode>]
                          show untracked files, optional modes: all, normal, no. (Default: all)

grc-denmark:hydroflask hzarea$ git commit -m "add image files"
[master e0035c5] add image files
 6 files changed, 6315 insertions(+)
 create mode 100644 images/.DS_Store
 create mode 100755 images/LimeGreen.jpg
 create mode 100755 images/Logo.ai
 create mode 100755 images/black.png
 create mode 100755 images/green.jpg
 create mode 100755 images/white.jpg
grc-denmark:hydroflask hzarea$ git log
commit e0035c5632b075d8d5a61415743e80db58111439
Author: hanazarea <hzarea@calpoly.edu>
Date:   Mon May 1 09:42:42 2017 -0700

    add image files

commit d546532a54f1f35e608de07714896a55972036f3
Author: hanazarea <hzarea@calpoly.edu>
Date:   Mon May 1 09:39:34 2017 -0700

    add initial files for webpage
grc-denmark:hydroflask hzarea$ git remote add origin https://github.com/hanazarea/hydroflask.git
grc-denmark:hydroflask hzarea$ git push -u origin master
Counting objects: 16, done.
Delta compression using up to 4 threads.
Compressing objects: 100% (15/15), done.
Writing objects: 100% (16/16), 2.67 MiB | 1.78 MiB/s, done.
Total 16 (delta 3), reused 0 (delta 0)
remote: Resolving deltas: 100% (3/3), done.
To https://github.com/hanazarea/hydroflask.git
 * [new branch]      master -> master
Branch master set up to track remote branch master from origin.
grc-denmark:hydroflask hzarea$ git remote add origin https://github.com/hanazarea/hydroflask.git
fatal: remote origin already exists.
grc-denmark:hydroflask hzarea$ pwd
/Users/hzarea/desktop/hydroflask
grc-denmark:hydroflask hzarea$ .git description
-bash: .git: command not found
grc-denmark:hydroflask hzarea$ git status
On branch master
Your branch is up-to-date with 'origin/master'.
Changes not staged for commit:
  (use "git add <file>..." to update what will be committed)
  (use "git checkout -- <file>..." to discard changes in working directory)

	modified:   .DS_Store
	modified:   css/styles.css
	modified:   images/.DS_Store
	modified:   index.html

Untracked files:
  (use "git add <file>..." to include in what will be committed)

	images/Logo.png

no changes added to commit (use "git add" and/or "git commit -a")
grc-denmark:hydroflask hzarea$ git add -A
grc-denmark:hydroflask hzarea$ git status
On branch master
Your branch is up-to-date with 'origin/master'.
Changes to be committed:
  (use "git reset HEAD <file>..." to unstage)

	modified:   .DS_Store
	modified:   css/styles.css
	modified:   images/.DS_Store
	new file:   images/Logo.png
	modified:   index.html

grc-denmark:hydroflask hzarea$ git commit -m "add html and css code"
[master 0035f42] add html and css code
 5 files changed, 139 insertions(+), 2 deletions(-)
 create mode 100644 images/Logo.png
grc-denmark:hydroflask hzarea$ git push
Counting objects: 9, done.
Delta compression using up to 4 threads.
Compressing objects: 100% (9/9), done.
Writing objects: 100% (9/9), 4.35 KiB | 0 bytes/s, done.
Total 9 (delta 3), reused 0 (delta 0)
remote: Resolving deltas: 100% (3/3), completed with 3 local objects.
To https://github.com/hanazarea/hydroflask.git
   e0035c5..0035f42  master -> master
grc-denmark:hydroflask hzarea$ git log
commit 0035f42c31c8c0af000b6b257985322527310e18
Author: hanazarea <hzarea@calpoly.edu>
Date:   Mon May 1 11:16:15 2017 -0700

    add html and css code

commit e0035c5632b075d8d5a61415743e80db58111439
Author: hanazarea <hzarea@calpoly.edu>
Date:   Mon May 1 09:42:42 2017 -0700

    add image files

commit d546532a54f1f35e608de07714896a55972036f3
Author: hanazarea <hzarea@calpoly.edu>
Date:   Mon May 1 09:39:34 2017 -0700

    add initial files for webpage
grc-denmark:hydroflask hzarea$ git commit -am "edit html and css files"
[master 3187836] edit html and css files
 2 files changed, 52 insertions(+), 18 deletions(-)
grc-denmark:hydroflask hzarea$ git status
On branch master
Your branch is ahead of 'origin/master' by 1 commit.
  (use "git push" to publish your local commits)
nothing to commit, working tree clean
grc-denmark:hydroflask hzarea$ git push
Counting objects: 5, done.
Delta compression using up to 4 threads.
Compressing objects: 100% (5/5), done.
Writing objects: 100% (5/5), 959 bytes | 0 bytes/s, done.
Total 5 (delta 2), reused 0 (delta 0)
remote: Resolving deltas: 100% (2/2), completed with 2 local objects.
git log
To https://github.com/hanazarea/hydroflask.git
   0035f42..3187836  master -> master
grc-denmark:hydroflask hzarea$ git log
commit 31878367d0b0506ec3e0c841c3a7574b0eded6d7
Author: hanazarea <hzarea@calpoly.edu>
Date:   Mon May 1 12:00:28 2017 -0700

    edit html and css files

commit 0035f42c31c8c0af000b6b257985322527310e18
Author: hanazarea <hzarea@calpoly.edu>
Date:   Mon May 1 11:16:15 2017 -0700

    add html and css code

commit e0035c5632b075d8d5a61415743e80db58111439
Author: hanazarea <hzarea@calpoly.edu>
Date:   Mon May 1 09:42:42 2017 -0700

    add image files

commit d546532a54f1f35e608de07714896a55972036f3
Author: hanazarea <hzarea@calpoly.edu>
Date:   Mon May 1 09:39:34 2017 -0700

    add initial files for webpage
:
